(node:24639) [MODULE_TYPELESS_PACKAGE_JSON] Warning: Module type of file:///home/loxord/projects/my-shop/scripts/yugcontract-content-images.ts is not specified and it doesn't parse as CommonJS.
Reparsing as ES module because module syntax was detected. This incurs a performance overhead.
To eliminate this warning, add "type": "module" to /home/loxord/projects/my-shop/package.json.
(Use `node --trace-warnings ...` to show where the warning was created)
== YC CONTENT IMAGES (run, 2026-08-28T21:50:06.522Z) ==
staging рядків:                 9 532
matched товарів:                4 523
  з картинками:                 4 523
  без картинок у staging:       0
URL у staging (після ревалідації): 49 848 (невалідних відхилено: 0)
product_images зараз:           26 195 (manual/storage: 0, external: 26 195)
товарів з manual-зображеннями:  0
  з них main у manual:          0 → hotlink НЕ отримає is_main

== PLAN ==
INSERT (нових external URL):    568
UPDATE (reorder/main в imported): 2 425
NO-OP (вже ідентичні):          23 768
DELETE:                         0 (видалення свідомо НЕ реалізовано)
stale imported (звіт лише):     4
  приклади stale:
    product=f6cc786d-0a3e-4e0a-bee7-b84ef66ecad4 url=https://b2b.yugcontract.ua/fileslibrary/products/1817031/3793322.jpg…
    product=d8682353-c911-46aa-9aa9-1bc59ac2ac66 url=https://b2b.yugcontract.ua/fileslibrary/products/1817032/3793311.jpg…
    product=f8d8e061-efef-43f4-8f0c-2c19dfd6108d url=https://b2b.yugcontract.ua/fileslibrary/products/1819074/3817827.jpg…
    product=f8d8e061-efef-43f4-8f0c-2c19dfd6108d url=https://b2b.yugcontract.ua/fileslibrary/products/1819074/3817822.jpg…
дублі URL між товарами серед INSERT: 0

Аномалій немає.
батчів буде:                    48 (phase='images', по ≤200 id)

== Виконання run=ycci-2026-08-28-21-30-27: 48 батчів ==
✓ [images #18] Images-батч 18: +45 вставок, 26 оновлень, 608 пропущено, 0 помилок
✓ [images #40] Images-батч 40: +66 вставок, 221 оновлень, 376 пропущено, 0 помилок
✓ [images #41] Images-батч 41: +46 вставок, 211 оновлень, 509 пропущено, 0 помилок
✓ [images #42] Images-батч 42: +72 вставок, 361 оновлень, 320 пропущено, 0 помилок
✓ [images #43] Images-батч 43: +0 вставок, 230 оновлень, 224 пропущено, 0 помилок
✓ [images #44] Images-батч 44: +111 вставок, 211 оновлень, 284 пропущено, 0 помилок
✓ [images #45] Images-батч 45: +32 вставок, 195 оновлень, 296 пропущено, 0 помилок
✓ [images #46] Images-батч 46: +37 вставок, 200 оновлень, 274 пропущено, 0 помилок
✓ [images #47] Images-батч 47: +55 вставок, 564 оновлень, 331 пропущено, 0 помилок
✓ [images #48] Images-батч 48: +67 вставок, 121 оновлень, 91 пропущено, 0 помилок

== Підсумок (244.6 с): записано/оновлено 2 871, пропущено 3 313, помилок 0 ==
Images-імпорт завершено повністю.
